Successfully made the TCP connection to: localhost:49202.
Successfully enabled SSL/TLS session to: localhost:49202.
The CRL has NOT listed the certificate as being revoked.
