Successfully made the TCP connection to: localhost:49202.
Successfully enabled SSL/TLS session to: localhost:49202.
The CRL lists the certificate as being REVOKED.
